----STDOUT----
hello world
success!

----STDERR----
