----STDOUT----
10
10
18446744073709551615
18446744073709551615

----STDERR----
