----STDOUT----
we are parsing
we are parsing
we are parsing
we are parsing
we are parsing
we are parsing
we are parsing
we are parsing
we are parsing
we are parsing

----STDERR----
