----STDOUT----

----STDERR----
[ERROR] No entry point `main` found.
